#0 building with "desktop-linux" instance using docker driver

#1 [internal] load build definition from Dockerfile
#1 transferring dockerfile: 620B 0.0s done
#1 DONE 0.0s

#2 [internal] load metadata for docker.io/oven/bun:1.1-alpine
#2 DONE 0.0s

#3 [internal] load metadata for docker.io/library/nginx:stable-alpine
#3 DONE 0.3s

#4 [internal] load .dockerignore
#4 transferring context: 2B done
#4 DONE 0.0s

#5 [builder 1/6] FROM docker.io/oven/bun:1.1-alpine@sha256:ae1ee3f0e326ad8ae886bd500929e7f4fcb4986a1455d6d6ab2f3c2498036aad
#5 resolve docker.io/oven/bun:1.1-alpine@sha256:ae1ee3f0e326ad8ae886bd500929e7f4fcb4986a1455d6d6ab2f3c2498036aad 0.1s done
#5 DONE 0.1s

#6 [internal] load build context
#6 ...

#7 [builder 2/6] WORKDIR /app
#7 CACHED

#8 [stage-1 1/3] FROM docker.io/library/nginx:stable-alpine@sha256:5b4900b042ccfa8b0a73df622c3a60f2322faeb2be800cbee5aa7b44d241649e
#8 resolve docker.io/library/nginx:stable-alpine@sha256:5b4900b042ccfa8b0a73df622c3a60f2322faeb2be800cbee5aa7b44d241649e 0.1s done
#8 CACHED

#6 [internal] load build context
#6 transferring context: 66.38MB 4.9s
#6 transferring context: 131.92MB 10.0s
#6 transferring context: 205.48MB 14.8s done
#6 ERROR: invalid file request node_modules/.bin/acorn
------
 > [internal] load build context:
------
ERROR: failed to build: failed to solve: invalid file request node_modules/.bin/acorn

View build details: docker-desktop://dashboard/build/desktop-linux/desktop-linux/xtktztqix0yly4czg5o3cw737
